"id","value","second_value"
"1","value1","second_value1"
"2","value12345","second_value234"
"3","value3","second_value3"
"20","value20","second_value678"
"21","value21","second_value159"
"22","value22","second_value000"
