"id","value","second_value"
"1","value1","second_value234"
"2","value2","second_value2"
"2","value21","second_value678"
"3","value3","second_value3"
"33","value3","second_value159"
