"id","value"
"1","value1"
"2","value12345"
"3","value3"
"20","value20"
"21","value21"
"22","value22"
