"id","name","date"
"1","Jack Dawson","2020-10-03 01:02:34.000"
"2","Xander Thomas","2020-10-02 11:02:34.000"
"3","Jay Macdonald","2020-10-01 10:20:30.000"
